// Jest Snapshot v1, https://goo.gl/fbAQLP

exports[`<Game/> rendering match snapshot 1`] = `
<div
  className="component game "
>
  <div
    className="col-md-6"
    key="0"
  >
    <Player
      avatarSrc="/assets/img/avatar-placeholder.png"
      byteSeq={0}
      className=""
      id="undefined"
      name="undefined"
      score={0}
    />
    <Battlefield
      className=""
      model={
        BattlefieldModel {
          "byteSeq": 0,
          "cellsIndexedByCoordinate": Object {
            "A1": CellModel {
              "byteSeq": 0,
              "coordinate": "A1",
            },
          },
          "cellsIndexedById": Object {},
          "id": undefined,
          "player": PlayerModel {
            "avatarSrc": "/assets/img/avatar-placeholder.png",
            "byteSeq": 0,
            "id": "undefined",
            "name": "undefined",
            "score": 0,
          },
          "size": 1,
        }
      }
    />
  </div>
  <div
    className="col-md-6"
    key="1"
  >
    <Player
      avatarSrc="/assets/img/avatar-placeholder.png"
      byteSeq={1}
      className=""
      id="undefined"
      name="undefined"
      score={0}
    />
    <Battlefield
      className=""
      model={
        BattlefieldModel {
          "byteSeq": 0,
          "cellsIndexedByCoordinate": Object {
            "A1": CellModel {
              "byteSeq": 2,
              "coordinate": "A1",
            },
          },
          "cellsIndexedById": Object {},
          "id": undefined,
          "player": PlayerModel {
            "avatarSrc": "/assets/img/avatar-placeholder.png",
            "byteSeq": 1,
            "id": "undefined",
            "name": "undefined",
            "score": 0,
          },
          "size": 1,
        }
      }
    />
  </div>
</div>
`;
