// Jest Snapshot v1, https://goo.gl/fbAQLP

exports[`<GenericInput/> render with default/required props 1`] = `<input />`;
